{
  "PropLevel1": "value",
  "Nested1": {
    "Nested2": {}
  }
}