{
  "Name": "Blake",
  "ExtendedData": {
    "BirthYear": 1986,
    "children": {
      "Name": "buddy",
      "ExtendedData": {
        "BirthYear": 2008
      },
      "UnknownData": {
        "BirthYear": 2008
      }
    }
  },
  "UnknownData": {
    "BirthYear": 1986
  }
}